Dark powers summon a cold wind from the north. The terrifying gust surrounds Sir Graham's castle, and mysteriously sweeps his fortress and family into the prison of oblivion. It's a bitter omen that chills the bones of every man, woman and child in the once peaceful Kingdom of Daventry. Who or what is responsible for this royal theft, and the misery that ravages the heart of Daventry? Has the ruthless wizard Manannan cast another evil spell? Or are the Black Forest Witch and the unforgiving Ice Queen using sinister powers to promote their wicked cause? Only you can answer these questions, as you assume the role of Sir Graham, then set forth on an adventure that will test your intelligence, challenge your skill and rip your courage to shreds.