Chessmaster 3000 provides a strong chess opponent with 168 openings and different types of playfields (2D, 3D, and War Room). The game can suggest moves and determine the player's rating. It also contains 151 replications of classic real-world matches, and a Mentor feature which can act as a personal chess tutor through a variety of practical techniques.