Epic Pinball The Complete Collection is a pinball video game played from a 2D top-down view within a scrollable window. This release is an Epic Pinball compilation with some exclusive content. It includes:

Pack 1 (Android, Pot of Gold, Excalibur, Crash and Burn)
Pack 2 (Magic, Jungle Pinball, Deep Sea, Enigma)
Pack 3 (Cyborgirl, Pangaea, Space Journey, Toy Factory)
Exclusive table African Safari

Each table has up to four flippers, giving the player the possibility to control the ball uniquely during the game. The tables are themed, making each table individual on its own way.