Carmen Sandiego and her international gang are behind the thefts of some of the world's most priceless treasures. It is your job, as a rookie detective, to identify the thief, obtain an arrest warrant and to finally track down the crook to his/her hideout before time runs out. As you solve more cases, your rank will rise, thus enabling you to tackle more and more difficult cases.

This CD-ROM version is an update of the original classic and features many enhancements and additional features.