Grab your nightstick, squeal like a siren and Hit the Road with Sam & Max, Freelance Police, as they attempt to crack their toughest case. Sam (a shamus canine) and Max (a hyperkinetic rabbity thing) are hot on the trail of a runaway carnival bigfoot across America's quirky underbelly in this deranged animated adventure!

Help our frightening, furry flatfoots find the fugitive freak! Do it now!