Your wife's been viciously stabbed. You're at the breaking point, bent on revenge. Can you keep your temper and follow professional police procedure? Can you keep cool while you direct forensic and crime lab investigation? Do you have the guts to make it as a cop in the gritty world of crime, corruption and gore? Find out.

The Police Quest series is the most accurate simulation of police action you can get. It's so realistic it's used by police departments across the country as a training tool.