This is a compilation of the entire Wing Commander II saga on a single CD. The compilation includes:
Wing Commander II: Vengeance of the Kilrathi
Wing Commander II: Vengeance of the Kilrathi - Special Operations 1
Wing Commander II: Vengeance of the Kilrathi - Special Operations 2
Wing Commander II: Speech Accessory Pack