Lord Tarbos brought terror to the land of Lyramion, before being locked away in a secure prison. Now, Marmion is trying to release him, with the intention of spreading horror through the land Your task is to find the 13 pieces of the Amberstar, to ensure that you can get there first

Amberstar is a top-view role-playing game. Initially you are alone, but can make contact with other characters who will hopefully join your team. 90 different spells across 3 classes are incorporated into the game, as is an auto-mapping and auto-saving system.