A generation has passed since your band of adventurers reclaimed the Staff of Gnilda and the armor of the Knight of Diamonds, and the land has been at peace. But now nature itself seems to be attacking the land of Llylgamyn, as earthquakes and tidal waves ravage the land.

The Sages believe the Orb of scrying is the city's salvation, but it is guarded by the draagon L'kbreth. So a band of explorers must once again venture forth in search of the Orb.