Dangerous Dave is back in this gory and macabre side-scrolling action game. Battle wolves and other man-killing creatures with your shotgun attempting to rescue Dave's little brother Delbert from the castle of the evil Dr. Nemesis. There are eleven levels in the game and some more creatures than in the previous installments.