Fighting game ported from the classic and wildly popular "Street Fighter 2" franchise.  Choose from a variety of characters and use their fighting skills to beat opponents and become the world champion fighter.Advantages over the original Street Fighter 2 include faster fighting speed, 4 new characters, new locations, and more balanced/streamlined moves for the original characters.