This compilation includes the campaigns from the original game Star Wars: TIE Fighter, the three campaigns from the add-on Star Wars: TIE Fighter - Defender of the Empire and also three new, never before released campaigns in a second add-on called Enemies of the Empire. In total there are more than 100 missions to fly and survive.

In addition to the new missions, there are also some technical improvements to the game:
Improved screen resolution to SVGA (640*480)
Added new cut scenes
Full voice mission briefings and radio calls (the so called "Talkie" version)
Improved the interactive mission briefing