You don't know where you are, or who is in control, even the most essential concepts of identity have been stripped from your mind. Only the realization that something is not as it should be makes you take control of your destiny to rise, seek answers and fend for yourself in an insane and nebulous reality. Make your way through different indoor and outdoor environments, and get swept into a breath-taking drama upon which the fate of the universe depends. When you break free of your security cell, you enter a laboratory set on the ruins of an ancient and long-dead alien civilization. Fighting your way through superior forces vies with the need to discover alternative ways of manipulating yourself and others.

BioForge is an action-adventure game that was one of the first to feature fully textured 3D characters over pre-rendered backgrounds. In this unique cyber-thriller you collect items and solve mind-bending challenges to discover the secrets of your imprisonment and recover your lost identity. Fight against your robotic and human oppressors using a combination of melee weaponry and guns. Break out of your prison and show your foes what you’re made of. Half metal, half flesh, all vengeance!