The CD-ROM release of Strike Commander includes the following:
Strike Commander
Strike Commander: Tactical Operations
An additional opening cinematic and menu to choose between these two products
digitized speech for every character, a feature which expands on what was available in the Strike Commander Speech Pack